MonoGFX.c:761:13:MonoGFX_Send_command	24	static
MonoGFX.c:791:13:MonoGFX_Send_data	24	static
MonoGFX.c:821:6:MonoGFX_Init	16	static
MonoGFX.c:883:6:MonoGFX_DrawBitmap	32	static
MonoGFX.c:926:6:MonoGFX_Draw_pixel	16	static
MonoGFX.c:948:6:MonoGFX_Update	16	static
MonoGFX.c:963:6:MonoGFX_gotoXY	16	static
MonoGFX.c:989:6:MonoGFX_Clean_Frame_buffer	8	static
MonoGFX.c:1003:6:MonoGFX_Print_symbol_5x7	32	static
MonoGFX.c:1054:6:MonoGFX_Print_symbol_3x5	32	static
MonoGFX.c:1105:6:MonoGFX_Decode_UTF8	40	static
MonoGFX.c:1230:6:MonoGFX_Inversion	16	static
MonoGFX.c:1247:9:MonoGFX_Value_for_Plot	72	static
MonoGFX.c:1279:6:MonoGFX_Fill_the_array_Plot	32	static
MonoGFX.c:1322:6:MonoGFX_Generate_a_Graph	88	static
MonoGFX.c:1439:6:MonoGFX_Draw_line	48	static
MonoGFX.c:1473:6:MonoGFX_Draw_rectangle	32	static
MonoGFX.c:1500:6:MonoGFX_Draw_rectangle_filled	40	static
MonoGFX.c:1525:6:MonoGFX_Draw_circle	48	static
MonoGFX.c:1568:6:MonoGFX_Draw_circle_filled	48	static
MonoGFX.c:1611:6:MonoGFX_Draw_triangle	32	static
MonoGFX.c:1630:6:MonoGFX_Draw_triangle_filled	64	static
MonoGFX.c:1730:6:MonoGFX_logo_demonstration	24	static
