MonoGFX/MonoGFX.c:585:13:MonoGFX_Send_command	16	static
MonoGFX/MonoGFX.c:605:13:MonoGFX_Send_data	16	static
MonoGFX/MonoGFX.c:621:6:MonoGFX_Init	8	static
MonoGFX/MonoGFX.c:701:6:MonoGFX_DrawBitmap	24	static
MonoGFX/MonoGFX.c:729:6:MonoGFX_Draw_pixel	24	static
MonoGFX/MonoGFX.c:749:6:MonoGFX_Update	16	static
MonoGFX/MonoGFX.c:771:6:MonoGFX_Clean_Frame_buffer	8	static
MonoGFX/MonoGFX.c:785:6:MonoGFX_Print_symbol_5x7	32	static
MonoGFX/MonoGFX.c:836:6:MonoGFX_Print_symbol_3x5	32	static
MonoGFX/MonoGFX.c:887:6:MonoGFX_Decode_UTF8	40	static
MonoGFX/MonoGFX.c:1012:6:MonoGFX_Inversion	16	static
MonoGFX/MonoGFX.c:1029:9:MonoGFX_Value_for_Plot	72	static
MonoGFX/MonoGFX.c:1061:6:MonoGFX_Fill_the_array_Plot	32	static
MonoGFX/MonoGFX.c:1104:6:MonoGFX_Generate_a_Graph	88	static
MonoGFX/MonoGFX.c:1221:6:MonoGFX_Draw_line	48	static
MonoGFX/MonoGFX.c:1255:6:MonoGFX_Draw_rectangle	32	static
MonoGFX/MonoGFX.c:1282:6:MonoGFX_Draw_rectangle_filled	40	static
MonoGFX/MonoGFX.c:1307:6:MonoGFX_Draw_circle	48	static
MonoGFX/MonoGFX.c:1350:6:MonoGFX_Draw_circle_filled	48	static
MonoGFX/MonoGFX.c:1393:6:MonoGFX_Draw_triangle	32	static
MonoGFX/MonoGFX.c:1412:6:MonoGFX_Draw_triangle_filled	64	static
MonoGFX/MonoGFX.c:1504:6:MonoGFX_logo_demonstration	24	static
