Archive member included to satisfy reference by file (symbol)

c:/st/stm32cubeide_1.7.0/stm32cubeide/plugins/com.st.stm32cube.ide.mcu.externaltools.gnu-tools-for-stm32.9-2020-q2-update.win32_2.0.0.202105311346/tools/bin/../lib/gcc/arm-none-eabi/9.3.1/../../../../arm-none-eabi/lib/thumb/v7-m/nofp\libc_nano.a(lib_a-errno.o)
                              ./Core/Src/syscalls.o (__errno)
c:/st/stm32cubeide_1.7.0/stm32cubeide/plugins/com.st.stm32cube.ide.mcu.externaltools.gnu-tools-for-stm32.9-2020-q2-update.win32_2.0.0.202105311346/tools/bin/../lib/gcc/arm-none-eabi/9.3.1/../../../../arm-none-eabi/lib/thumb/v7-m/nofp\libc_nano.a(lib_a-exit.o)
                              c:/st/stm32cubeide_1.7.0/stm32cubeide/plugins/com.st.stm32cube.ide.mcu.externaltools.gnu-tools-for-stm32.9-2020-q2-update.win32_2.0.0.202105311346/tools/bin/../lib/gcc/arm-none-eabi/9.3.1/../../../../arm-none-eabi/lib/thumb/v7-m/nofp/crt0.o (exit)
c:/st/stm32cubeide_1.7.0/stm32cubeide/plugins/com.st.stm32cube.ide.mcu.externaltools.gnu-tools-for-stm32.9-2020-q2-update.win32_2.0.0.202105311346/tools/bin/../lib/gcc/arm-none-eabi/9.3.1/../../../../arm-none-eabi/lib/thumb/v7-m/nofp\libc_nano.a(lib_a-impure.o)
                              c:/st/stm32cubeide_1.7.0/stm32cubeide/plugins/com.st.stm32cube.ide.mcu.externaltools.gnu-tools-for-stm32.9-2020-q2-update.win32_2.0.0.202105311346/tools/bin/../lib/gcc/arm-none-eabi/9.3.1/../../../../arm-none-eabi/lib/thumb/v7-m/nofp\libc_nano.a(lib_a-exit.o) (_global_impure_ptr)
c:/st/stm32cubeide_1.7.0/stm32cubeide/plugins/com.st.stm32cube.ide.mcu.externaltools.gnu-tools-for-stm32.9-2020-q2-update.win32_2.0.0.202105311346/tools/bin/../lib/gcc/arm-none-eabi/9.3.1/../../../../arm-none-eabi/lib/thumb/v7-m/nofp\libc_nano.a(lib_a-init.o)
                              c:/st/stm32cubeide_1.7.0/stm32cubeide/plugins/com.st.stm32cube.ide.mcu.externaltools.gnu-tools-for-stm32.9-2020-q2-update.win32_2.0.0.202105311346/tools/bin/../lib/gcc/arm-none-eabi/9.3.1/../../../../arm-none-eabi/lib/thumb/v7-m/nofp/crt0.o (__libc_init_array)
c:/st/stm32cubeide_1.7.0/stm32cubeide/plugins/com.st.stm32cube.ide.mcu.externaltools.gnu-tools-for-stm32.9-2020-q2-update.win32_2.0.0.202105311346/tools/bin/../lib/gcc/arm-none-eabi/9.3.1/../../../../arm-none-eabi/lib/thumb/v7-m/nofp\libc_nano.a(lib_a-memset.o)
                              c:/st/stm32cubeide_1.7.0/stm32cubeide/plugins/com.st.stm32cube.ide.mcu.externaltools.gnu-tools-for-stm32.9-2020-q2-update.win32_2.0.0.202105311346/tools/bin/../lib/gcc/arm-none-eabi/9.3.1/../../../../arm-none-eabi/lib/thumb/v7-m/nofp/crt0.o (memset)
c:/st/stm32cubeide_1.7.0/stm32cubeide/plugins/com.st.stm32cube.ide.mcu.externaltools.gnu-tools-for-stm32.9-2020-q2-update.win32_2.0.0.202105311346/tools/bin/../lib/gcc/arm-none-eabi/9.3.1/../../../../arm-none-eabi/lib/thumb/v7-m/nofp\libc_nano.a(lib_a-sprintf.o)
                              ./Core/Src/main.o (sprintf)
c:/st/stm32cubeide_1.7.0/stm32cubeide/plugins/com.st.stm32cube.ide.mcu.externaltools.gnu-tools-for-stm32.9-2020-q2-update.win32_2.0.0.202105311346/tools/bin/../lib/gcc/arm-none-eabi/9.3.1/../../../../arm-none-eabi/lib/thumb/v7-m/nofp\libc_nano.a(lib_a-strlen.o)
                              ./MonoGFX/MonoGFX.o (strlen)
c:/st/stm32cubeide_1.7.0/stm32cubeide/plugins/com.st.stm32cube.ide.mcu.externaltools.gnu-tools-for-stm32.9-2020-q2-update.win32_2.0.0.202105311346/tools/bin/../lib/gcc/arm-none-eabi/9.3.1/../../../../arm-none-eabi/lib/thumb/v7-m/nofp\libc_nano.a(lib_a-nano-svfprintf.o)
                              c:/st/stm32cubeide_1.7.0/stm32cubeide/plugins/com.st.stm32cube.ide.mcu.externaltools.gnu-tools-for-stm32.9-2020-q2-update.win32_2.0.0.202105311346/tools/bin/../lib/gcc/arm-none-eabi/9.3.1/../../../../arm-none-eabi/lib/thumb/v7-m/nofp\libc_nano.a(lib_a-sprintf.o) (_svfprintf_r)
c:/st/stm32cubeide_1.7.0/stm32cubeide/plugins/com.st.stm32cube.ide.mcu.externaltools.gnu-tools-for-stm32.9-2020-q2-update.win32_2.0.0.202105311346/tools/bin/../lib/gcc/arm-none-eabi/9.3.1/../../../../arm-none-eabi/lib/thumb/v7-m/nofp\libc_nano.a(lib_a-nano-vfprintf_i.o)
                              c:/st/stm32cubeide_1.7.0/stm32cubeide/plugins/com.st.stm32cube.ide.mcu.externaltools.gnu-tools-for-stm32.9-2020-q2-update.win32_2.0.0.202105311346/tools/bin/../lib/gcc/arm-none-eabi/9.3.1/../../../../arm-none-eabi/lib/thumb/v7-m/nofp\libc_nano.a(lib_a-nano-svfprintf.o) (_printf_i)
c:/st/stm32cubeide_1.7.0/stm32cubeide/plugins/com.st.stm32cube.ide.mcu.externaltools.gnu-tools-for-stm32.9-2020-q2-update.win32_2.0.0.202105311346/tools/bin/../lib/gcc/arm-none-eabi/9.3.1/../../../../arm-none-eabi/lib/thumb/v7-m/nofp\libc_nano.a(lib_a-memchr-stub.o)
                              c:/st/stm32cubeide_1.7.0/stm32cubeide/plugins/com.st.stm32cube.ide.mcu.externaltools.gnu-tools-for-stm32.9-2020-q2-update.win32_2.0.0.202105311346/tools/bin/../lib/gcc/arm-none-eabi/9.3.1/../../../../arm-none-eabi/lib/thumb/v7-m/nofp\libc_nano.a(lib_a-nano-svfprintf.o) (memchr)
[...]
Memory Configuration

Name             Origin             Length             Attributes
RAM              0x0000000020000000 0x0000000000005000 xrw
FLASH            0x0000000008000000 0x0000000000010000 xr
*default*        0x0000000000000000 0xffffffffffffffff

Linker script and memory map

LOAD c:/st/stm32cubeide_1.7.0/stm32cubeide/plugins/com.st.stm32cube.ide.mcu.externaltools.gnu-tools-for-stm32.9-2020-q2-update.win32_2.0.0.202105311346/tools/bin/../lib/gcc/arm-none-eabi/9.3.1/thumb/v7-m/nofp/crti.o
LOAD c:/st/stm32cubeide_1.7.0/stm32cubeide/plugins/com.st.stm32cube.ide.mcu.externaltools.gnu-tools-for-stm32.9-2020-q2-update.win32_2.0.0.202105311346/tools/bin/../lib/gcc/arm-none-eabi/9.3.1/thumb/v7-m/nofp/crtbegin.o
LOAD c:/st/stm32cubeide_1.7.0/stm32cubeide/plugins/com.st.stm32cube.ide.mcu.externaltools.gnu-tools-for-stm32.9-2020-q2-update.win32_2.0.0.202105311346/tools/bin/../lib/gcc/arm-none-eabi/9.3.1/../../../../arm-none-eabi/lib/thumb/v7-m/nofp/crt0.o
LOAD ./Core/Src/main.o
LOAD ./Core/Src/stm32f103xx_CMSIS.o
LOAD ./Core/Src/syscalls.o
LOAD ./Core/Src/sysmem.o
LOAD ./Core/Src/system_stm32f1xx.o
LOAD ./Core/Startup/startup_stm32f103c8tx.o
LOAD ./MonoGFX/MonoGFX.o
START GROUP
LOAD c:/st/stm32cubeide_1.7.0/stm32cubeide/plugins/com.st.stm32cube.ide.mcu.externaltools.gnu-tools-for-stm32.9-2020-q2-update.win32_2.0.0.202105311346/tools/bin/../lib/gcc/arm-none-eabi/9.3.1/../../../../arm-none-eabi/lib/thumb/v7-m/nofp\libc_nano.a
LOAD c:/st/stm32cubeide_1.7.0/stm32cubeide/plugins/com.st.stm32cube.ide.mcu.externaltools.gnu-tools-for-stm32.9-2020-q2-update.win32_2.0.0.202105311346/tools/bin/../lib/gcc/arm-none-eabi/9.3.1/../../../../arm-none-eabi/lib/thumb/v7-m/nofp\libm.a
END GROUP
START GROUP
LOAD c:/st/stm32cubeide_1.7.0/stm32cubeide/plugins/com.st.stm32cube.ide.mcu.externaltools.gnu-tools-for-stm32.9-2020-q2-update.win32_2.0.0.202105311346/tools/bin/../lib/gcc/arm-none-eabi/9.3.1/thumb/v7-m/nofp\libgcc.a
LOAD c:/st/stm32cubeide_1.7.0/stm32cubeide/plugins/com.st.stm32cube.ide.mcu.externaltools.gnu-tools-for-stm32.9-2020-q2-update.win32_2.0.0.202105311346/tools/bin/../lib/gcc/arm-none-eabi/9.3.1/../../../../arm-none-eabi/lib/thumb/v7-m/nofp\libc_nano.a
END GROUP
START GROUP
LOAD c:/st/stm32cubeide_1.7.0/stm32cubeide/plugins/com.st.stm32cube.ide.mcu.externaltools.gnu-tools-for-stm32.9-2020-q2-update.win32_2.0.0.202105311346/tools/bin/../lib/gcc/arm-none-eabi/9.3.1/thumb/v7-m/nofp\libgcc.a
LOAD c:/st/stm32cubeide_1.7.0/stm32cubeide/plugins/com.st.stm32cube.ide.mcu.externaltools.gnu-tools-for-stm32.9-2020-q2-update.win32_2.0.0.202105311346/tools/bin/../lib/gcc/arm-none-eabi/9.3.1/../../../../arm-none-eabi/lib/thumb/v7-m/nofp\libc_nano.a
LOAD c:/st/stm32cubeide_1.7.0/stm32cubeide/plugins/com.st.stm32cube.ide.mcu.externaltools.gnu-tools-for-stm32.9-2020-q2-update.win32_2.0.0.202105311346/tools/bin/../lib/gcc/arm-none-eabi/9.3.1/../../../../arm-none-eabi/lib/thumb/v7-m/nofp\libnosys.a
END GROUP
START GROUP
LOAD c:/st/stm32cubeide_1.7.0/stm32cubeide/plugins/com.st.stm32cube.ide.mcu.externaltools.gnu-tools-for-stm32.9-2020-q2-update.win32_2.0.0.202105311346/tools/bin/../lib/gcc/arm-none-eabi/9.3.1/thumb/v7-m/nofp\libgcc.a
LOAD c:/st/stm32cubeide_1.7.0/stm32cubeide/plugins/com.st.stm32cube.ide.mcu.externaltools.gnu-tools-for-stm32.9-2020-q2-update.win32_2.0.0.202105311346/tools/bin/../lib/gcc/arm-none-eabi/9.3.1/../../../../arm-none-eabi/lib/thumb/v7-m/nofp\libc_nano.a
LOAD c:/st/stm32cubeide_1.7.0/stm32cubeide/plugins/com.st.stm32cube.ide.mcu.externaltools.gnu-tools-for-stm32.9-2020-q2-update.win32_2.0.0.202105311346/tools/bin/../lib/gcc/arm-none-eabi/9.3.1/../../../../arm-none-eabi/lib/thumb/v7-m/nofp\libnosys.a
END GROUP
LOAD c:/st/stm32cubeide_1.7.0/stm32cubeide/plugins/com.st.stm32cube.ide.mcu.externaltools.gnu-tools-for-stm32.9-2020-q2-update.win32_2.0.0.202105311346/tools/bin/../lib/gcc/arm-none-eabi/9.3.1/thumb/v7-m/nofp/crtend.o
LOAD c:/st/stm32cubeide_1.7.0/stm32cubeide/plugins/com.st.stm32cube.ide.mcu.externaltools.gnu-tools-for-stm32.9-2020-q2-update.win32_2.0.0.202105311346/tools/bin/../lib/gcc/arm-none-eabi/9.3.1/thumb/v7-m/nofp/crtn.o
                0x0000000020005000                _estack = (ORIGIN (RAM) + LENGTH (RAM))
                0x0000000000000100                _Min_Heap_Size = 0x100
                0x0000000000000200                _Min_Stack_Size = 0x200

.isr_vector     0x0000000008000000      0x10c
                0x0000000008000000                . = ALIGN (0x4)
 *(.isr_vector)
 .isr_vector    0x0000000008000000      0x10c ./Core/Startup/startup_stm32f103c8tx.o
                0x0000000008000000                g_pfnVectors
                0x000000000800010c                . = ALIGN (0x4)

.text           0x000000000800010c     0x1f2c
                0x000000000800010c                . = ALIGN (0x4)
 *(.text)
 .text          0x000000000800010c       0x40 c:/st/stm32cubeide_1.7.0/stm32cubeide/plugins/com.st.stm32cube.ide.mcu.externaltools.gnu-tools-for-stm32.9-2020-q2-update.win32_2.0.0.202105311346/tools/bin/../lib/gcc/arm-none-eabi/9.3.1/thumb/v7-m/nofp/crtbegin.o
 .text          0x000000000800014c       0x10 c:/st/stm32cubeide_1.7.0/stm32cubeide/plugins/com.st.stm32cube.ide.mcu.externaltools.gnu-tools-for-stm32.9-2020-q2-update.win32_2.0.0.202105311346/tools/bin/../lib/gcc/arm-none-eabi/9.3.1/../../../../arm-none-eabi/lib/thumb/v7-m/nofp\libc_nano.a(lib_a-strlen.o)
                0x000000000800014c                strlen
 *(.text*)
 .text.main     0x000000000800015c       0x9c ./Core/Src/main.o
                0x000000000800015c                main
 .text.CMSIS_Debug_init
                0x00000000080001f8       0x5c ./Core/Src/stm32f103xx_CMSIS.o
                0x00000000080001f8                CMSIS_Debug_init
 .text.CMSIS_RCC_SystemClock_72MHz
                0x0000000008000254      0x12c ./Core/Src/stm32f103xx_CMSIS.o
                0x0000000008000254                CMSIS_RCC_SystemClock_72MHz
 .text.CMSIS_SysTick_Timer_init
                0x0000000008000380       0x64 ./Core/Src/stm32f103xx_CMSIS.o
                0x0000000008000380                CMSIS_SysTick_Timer_init
 .text.Delay_ms
                0x00000000080003e4       0x28 ./Core/Src/stm32f103xx_CMSIS.o
                0x00000000080003e4                Delay_ms
 .text.SysTick_Handler
                0x000000000800040c       0x48 ./Core/Src/stm32f103xx_CMSIS.o
                0x000000000800040c                SysTick_Handler
 .text.CMSIS_GPIO_MODE_Set
                0x0000000008000454       0x86 ./Core/Src/stm32f103xx_CMSIS.o
 .text.CMSIS_GPIO_SPEED_Set
                0x00000000080004da       0x7a ./Core/Src/stm32f103xx_CMSIS.o
 .text.CMSIS_GPIO_CNF_Set
                0x0000000008000554       0x6c ./Core/Src/stm32f103xx_CMSIS.o
 .text.CMSIS_GPIO_Reg_Set
                0x00000000080005c0      0x108 ./Core/Src/stm32f103xx_CMSIS.o
 .text.CMSIS_GPIO_init
                0x00000000080006c8      0x110 ./Core/Src/stm32f103xx_CMSIS.o
                0x00000000080006c8                CMSIS_GPIO_init
 .text.EXTI0_IRQHandler
                0x00000000080007d8       0x1c ./Core/Src/stm32f103xx_CMSIS.o
                0x00000000080007d8                EXTI0_IRQHandler
 .text.TIM3_IRQHandler
                0x00000000080007f4       0x28 ./Core/Src/stm32f103xx_CMSIS.o
                0x00000000080007f4                TIM3_IRQHandler
 .text.TIM1_UP_IRQHandler
                0x000000000800081c       0x28 ./Core/Src/stm32f103xx_CMSIS.o
                0x000000000800081c                TIM1_UP_IRQHandler
 .text.ADC1_2_IRQHandler
                0x0000000008000844       0x20 ./Core/Src/stm32f103xx_CMSIS.o
                0x0000000008000844                ADC1_2_IRQHandler
 .text.DMA1_Channel1_IRQHandler
                0x0000000008000864       0x44 ./Core/Src/stm32f103xx_CMSIS.o
                0x0000000008000864                DMA1_Channel1_IRQHandler
 .text.USART1_IRQHandler
                0x00000000080008a8       0x5c ./Core/Src/stm32f103xx_CMSIS.o
                0x00000000080008a8                USART1_IRQHandler
 .text.USART2_IRQHandler
                0x0000000008000904       0x5c ./Core/Src/stm32f103xx_CMSIS.o
                0x0000000008000904                USART2_IRQHandler
 .text.CMSIS_SPI1_init
                0x0000000008000960      0x190 ./Core/Src/stm32f103xx_CMSIS.o
                0x0000000008000960                CMSIS_SPI1_init
 .text.CMSIS_SPI_Data_Transmit_8BIT
                0x0000000008000af0       0xbc ./Core/Src/stm32f103xx_CMSIS.o
                0x0000000008000af0                CMSIS_SPI_Data_Transmit_8BIT
 .text._sbrk    0x0000000008000bac       0x6c ./Core/Src/sysmem.o
                0x0000000008000bac                _sbrk
 .text.SystemInit
                0x0000000008000c18        0xc ./Core/Src/system_stm32f1xx.o
                0x0000000008000c18                SystemInit
 .text.Reset_Handler
                0x0000000008000c24       0x48 ./Core/Startup/startup_stm32f103c8tx.o
                0x0000000008000c24                Reset_Handler
 .text.Default_Handler
                0x0000000008000c6c        0x2 ./Core/Startup/startup_stm32f103c8tx.o
                0x0000000008000c6c                RTC_Alarm_IRQHandler
                0x0000000008000c6c                EXTI2_IRQHandler
                0x0000000008000c6c                DebugMon_Handler
                0x0000000008000c6c                TIM1_CC_IRQHandler
                0x0000000008000c6c                HardFault_Handler
                0x0000000008000c6c                PVD_IRQHandler
                0x0000000008000c6c                PendSV_Handler
                0x0000000008000c6c                NMI_Handler
                0x0000000008000c6c                EXTI3_IRQHandler
                0x0000000008000c6c                I2C2_EV_IRQHandler
                0x0000000008000c6c                UsageFault_Handler
                0x0000000008000c6c                SPI1_IRQHandler
                0x0000000008000c6c                TAMPER_IRQHandler
                0x0000000008000c6c                DMA1_Channel4_IRQHandler
                0x0000000008000c6c                USART3_IRQHandler
                0x0000000008000c6c                RTC_IRQHandler
                0x0000000008000c6c                DMA1_Channel7_IRQHandler
                0x0000000008000c6c                CAN1_RX1_IRQHandler
                0x0000000008000c6c                TIM4_IRQHandler
                0x0000000008000c6c                I2C1_EV_IRQHandler
                0x0000000008000c6c                DMA1_Channel6_IRQHandler
                0x0000000008000c6c                RCC_IRQHandler
                0x0000000008000c6c                TIM1_TRG_COM_IRQHandler
                0x0000000008000c6c                Default_Handler
                0x0000000008000c6c                EXTI15_10_IRQHandler
                0x0000000008000c6c                EXTI9_5_IRQHandler
                0x0000000008000c6c                SPI2_IRQHandler
                0x0000000008000c6c                MemManage_Handler
                0x0000000008000c6c                SVC_Handler
                0x0000000008000c6c                DMA1_Channel5_IRQHandler
                0x0000000008000c6c                EXTI4_IRQHandler
                0x0000000008000c6c                USB_LP_CAN1_RX0_IRQHandler
                0x0000000008000c6c                USB_HP_CAN1_TX_IRQHandler
                0x0000000008000c6c                DMA1_Channel3_IRQHandler
                0x0000000008000c6c                WWDG_IRQHandler
                0x0000000008000c6c                TIM2_IRQHandler
                0x0000000008000c6c                TIM1_BRK_IRQHandler
                0x0000000008000c6c                EXTI1_IRQHandler
                0x0000000008000c6c                I2C2_ER_IRQHandler
                0x0000000008000c6c                DMA1_Channel2_IRQHandler
                0x0000000008000c6c                CAN1_SCE_IRQHandler
                0x0000000008000c6c                FLASH_IRQHandler
                0x0000000008000c6c                BusFault_Handler
                0x0000000008000c6c                I2C1_ER_IRQHandler
                0x0000000008000c6c                USBWakeUp_IRQHandler
 *fill*         0x0000000008000c6e        0x2 
 .text.MonoGFX_Send_command
                0x0000000008000c70       0x68 ./MonoGFX/MonoGFX.o
 .text.MonoGFX_Send_data
                0x0000000008000cd8       0x68 ./MonoGFX/MonoGFX.o
 .text.MonoGFX_Init
                0x0000000008000d40       0x9c ./MonoGFX/MonoGFX.o
                0x0000000008000d40                MonoGFX_Init
 .text.MonoGFX_Draw_pixel
                0x0000000008000ddc      0x154 ./MonoGFX/MonoGFX.o
                0x0000000008000ddc                MonoGFX_Draw_pixel
 .text.MonoGFX_Update
                0x0000000008000f30       0x84 ./MonoGFX/MonoGFX.o
                0x0000000008000f30                MonoGFX_Update
 .text.MonoGFX_gotoXY
                0x0000000008000fb4       0x7c ./MonoGFX/MonoGFX.o
                0x0000000008000fb4                MonoGFX_gotoXY
 .text.MonoGFX_Clean_Frame_buffer
                0x0000000008001030       0x18 ./MonoGFX/MonoGFX.o
                0x0000000008001030                MonoGFX_Clean_Frame_buffer
 .text.MonoGFX_Print_symbol_5x7
                0x0000000008001048      0x154 ./MonoGFX/MonoGFX.o
                0x0000000008001048                MonoGFX_Print_symbol_5x7
 .text.MonoGFX_Print_symbol_3x5
                0x000000000800119c      0x154 ./MonoGFX/MonoGFX.o
                0x000000000800119c                MonoGFX_Print_symbol_3x5
 .text.MonoGFX_Decode_UTF8
                0x00000000080012f0      0x344 ./MonoGFX/MonoGFX.o
                0x00000000080012f0                MonoGFX_Decode_UTF8
 .text.MonoGFX_logo_demonstration
                0x0000000008001634      0x114 ./MonoGFX/MonoGFX.o
                0x0000000008001634                MonoGFX_logo_demonstration
 .text.__errno  0x0000000008001748        0xc c:/st/stm32cubeide_1.7.0/stm32cubeide/plugins/com.st.stm32cube.ide.mcu.externaltools.gnu-tools-for-stm32.9-2020-q2-update.win32_2.0.0.202105311346/tools/bin/../lib/gcc/arm-none-eabi/9.3.1/../../../../arm-none-eabi/lib/thumb/v7-m/nofp\libc_nano.a(lib_a-errno.o)
                0x0000000008001748                __errno
 .text.__libc_init_array
                0x0000000008001754       0x48 c:/st/stm32cubeide_1.7.0/stm32cubeide/plugins/com.st.stm32cube.ide.mcu.externaltools.gnu-tools-for-stm32.9-2020-q2-update.win32_2.0.0.202105311346/tools/bin/../lib/gcc/arm-none-eabi/9.3.1/../../../../arm-none-eabi/lib/thumb/v7-m/nofp\libc_nano.a(lib_a-init.o)
                0x0000000008001754                __libc_init_array
 .text.memset   0x000000000800179c       0x10 c:/st/stm32cubeide_1.7.0/stm32cubeide/plugins/com.st.stm32cube.ide.mcu.externaltools.gnu-tools-for-stm32.9-2020-q2-update.win32_2.0.0.202105311346/tools/bin/../lib/gcc/arm-none-eabi/9.3.1/../../../../arm-none-eabi/lib/thumb/v7-m/nofp\libc_nano.a(lib_a-memset.o)
                0x000000000800179c                memset
 .text.sprintf  0x00000000080017ac       0x40 c:/st/stm32cubeide_1.7.0/stm32cubeide/plugins/com.st.stm32cube.ide.mcu.externaltools.gnu-tools-for-stm32.9-2020-q2-update.win32_2.0.0.202105311346/tools/bin/../lib/gcc/arm-none-eabi/9.3.1/../../../../arm-none-eabi/lib/thumb/v7-m/nofp\libc_nano.a(lib_a-sprintf.o)
                0x00000000080017ac                siprintf
                0x00000000080017ac                sprintf
 .text.__ssputs_r
                0x00000000080017ec       0xb6 c:/st/stm32cubeide_1.7.0/stm32cubeide/plugins/com.st.stm32cube.ide.mcu.externaltools.gnu-tools-for-stm32.9-2020-q2-update.win32_2.0.0.202105311346/tools/bin/../lib/gcc/arm-none-eabi/9.3.1/../../../../arm-none-eabi/lib/thumb/v7-m/nofp\libc_nano.a(lib_a-nano-svfprintf.o)
                0x00000000080017ec                __ssputs_r
 *fill*         0x00000000080018a2        0x2 
 .text._svfprintf_r
                0x00000000080018a4      0x200 c:/st/stm32cubeide_1.7.0/stm32cubeide/plugins/com.st.stm32cube.ide.mcu.externaltools.gnu-tools-for-stm32.9-2020-q2-update.win32_2.0.0.202105311346/tools/bin/../lib/gcc/arm-none-eabi/9.3.1/../../../../arm-none-eabi/lib/thumb/v7-m/nofp\libc_nano.a(lib_a-nano-svfprintf.o)
                0x00000000080018a4                _svfiprintf_r
                0x00000000080018a4                _svfprintf_r
 .text._printf_common
                0x0000000008001aa4       0xde c:/st/stm32cubeide_1.7.0/stm32cubeide/plugins/com.st.stm32cube.ide.mcu.externaltools.gnu-tools-for-stm32.9-2020-q2-update.win32_2.0.0.202105311346/tools/bin/../lib/gcc/arm-none-eabi/9.3.1/../../../../arm-none-eabi/lib/thumb/v7-m/nofp\libc_nano.a(lib_a-nano-vfprintf_i.o)
                0x0000000008001aa4                _printf_common
 *fill*         0x0000000008001b82        0x2 
 .text._printf_i
                0x0000000008001b84      0x24c c:/st/stm32cubeide_1.7.0/stm32cubeide/plugins/com.st.stm32cube.ide.mcu.externaltools.gnu-tools-for-stm32.9-2020-q2-update.win32_2.0.0.202105311346/tools/bin/../lib/gcc/arm-none-eabi/9.3.1/../../../../arm-none-eabi/lib/thumb/v7-m/nofp\libc_nano.a(lib_a-nano-vfprintf_i.o)
                0x0000000008001b84                _printf_i
 .text.memchr   0x0000000008001dd0       0x1c c:/st/stm32cubeide_1.7.0/stm32cubeide/plugins/com.st.stm32cube.ide.mcu.externaltools.gnu-tools-for-stm32.9-2020-q2-update.win32_2.0.0.202105311346/tools/bin/../lib/gcc/arm-none-eabi/9.3.1/../../../../arm-none-eabi/lib/thumb/v7-m/nofp\libc_nano.a(lib_a-memchr-stub.o)
                0x0000000008001dd0                memchr
 .text.memcpy   0x0000000008001dec       0x1c c:/st/stm32cubeide_1.7.0/stm32cubeide/plugins/com.st.stm32cube.ide.mcu.externaltools.gnu-tools-for-stm32.9-2020-q2-update.win32_2.0.0.202105311346/tools/bin/../lib/gcc/arm-none-eabi/9.3.1/../../../../arm-none-eabi/lib/thumb/v7-m/nofp\libc_nano.a(lib_a-memcpy-stub.o)
                0x0000000008001dec                memcpy
 .text.memmove  0x0000000008001e08       0x34 c:/st/stm32cubeide_1.7.0/stm32cubeide/plugins/com.st.stm32cube.ide.mcu.externaltools.gnu-tools-for-stm32.9-2020-q2-update.win32_2.0.0.202105311346/tools/bin/../lib/gcc/arm-none-eabi/9.3.1/../../../../arm-none-eabi/lib/thumb/v7-m/nofp\libc_nano.a(lib_a-memmove.o)
                0x0000000008001e08                memmove
 .text._free_r  0x0000000008001e3c       0x98 c:/st/stm32cubeide_1.7.0/stm32cubeide/plugins/com.st.stm32cube.ide.mcu.externaltools.gnu-tools-for-stm32.9-2020-q2-update.win32_2.0.0.202105311346/tools/bin/../lib/gcc/arm-none-eabi/9.3.1/../../../../arm-none-eabi/lib/thumb/v7-m/nofp\libc_nano.a(lib_a-nano-freer.o)
                0x0000000008001e3c                _free_r
 .text._malloc_r
                0x0000000008001ed4       0xb4 c:/st/stm32cubeide_1.7.0/stm32cubeide/plugins/com.st.stm32cube.ide.mcu.externaltools.gnu-tools-for-stm32.9-2020-q2-update.win32_2.0.0.202105311346/tools/bin/../lib/gcc/arm-none-eabi/9.3.1/../../../../arm-none-eabi/lib/thumb/v7-m/nofp\libc_nano.a(lib_a-nano-mallocr.o)
                0x0000000008001ed4                _malloc_r
 .text._realloc_r
                0x0000000008001f88       0x4c c:/st/stm32cubeide_1.7.0/stm32cubeide/plugins/com.st.stm32cube.ide.mcu.externaltools.gnu-tools-for-stm32.9-2020-q2-update.win32_2.0.0.202105311346/tools/bin/../lib/gcc/arm-none-eabi/9.3.1/../../../../arm-none-eabi/lib/thumb/v7-m/nofp\libc_nano.a(lib_a-nano-reallocr.o)
                0x0000000008001f88                _realloc_r
 .text._sbrk_r  0x0000000008001fd4       0x20 c:/st/stm32cubeide_1.7.0/stm32cubeide/plugins/com.st.stm32cube.ide.mcu.externaltools.gnu-tools-for-stm32.9-2020-q2-update.win32_2.0.0.202105311346/tools/bin/../lib/gcc/arm-none-eabi/9.3.1/../../../../arm-none-eabi/lib/thumb/v7-m/nofp\libc_nano.a(lib_a-sbrkr.o)
                0x0000000008001fd4                _sbrk_r
 .text.__malloc_lock
                0x0000000008001ff4        0xc c:/st/stm32cubeide_1.7.0/stm32cubeide/plugins/com.st.stm32cube.ide.mcu.externaltools.gnu-tools-for-stm32.9-2020-q2-update.win32_2.0.0.202105311346/tools/bin/../lib/gcc/arm-none-eabi/9.3.1/../../../../arm-none-eabi/lib/thumb/v7-m/nofp\libc_nano.a(lib_a-mlock.o)
                0x0000000008001ff4                __malloc_lock
 .text.__malloc_unlock
                0x0000000008002000        0xc c:/st/stm32cubeide_1.7.0/stm32cubeide/plugins/com.st.stm32cube.ide.mcu.externaltools.gnu-tools-for-stm32.9-2020-q2-update.win32_2.0.0.202105311346/tools/bin/../lib/gcc/arm-none-eabi/9.3.1/../../../../arm-none-eabi/lib/thumb/v7-m/nofp\libc_nano.a(lib_a-mlock.o)
                0x0000000008002000                __malloc_unlock
 .text._malloc_usable_size_r
                0x000000000800200c       0x10 c:/st/stm32cubeide_1.7.0/stm32cubeide/plugins/com.st.stm32cube.ide.mcu.externaltools.gnu-tools-for-stm32.9-2020-q2-update.win32_2.0.0.202105311346/tools/bin/../lib/gcc/arm-none-eabi/9.3.1/../../../../arm-none-eabi/lib/thumb/v7-m/nofp\libc_nano.a(lib_a-nano-msizer.o)
                0x000000000800200c                _malloc_usable_size_r
 .text.__retarget_lock_acquire_recursive
                0x000000000800201c        0x2 c:/st/stm32cubeide_1.7.0/stm32cubeide/plugins/com.st.stm32cube.ide.mcu.externaltools.gnu-tools-for-stm32.9-2020-q2-update.win32_2.0.0.202105311346/tools/bin/../lib/gcc/arm-none-eabi/9.3.1/../../../../arm-none-eabi/lib/thumb/v7-m/nofp\libc_nano.a(lib_a-lock.o)
                0x000000000800201c                __retarget_lock_acquire_recursive
 .text.__retarget_lock_release_recursive
                0x000000000800201e        0x2 c:/st/stm32cubeide_1.7.0/stm32cubeide/plugins/com.st.stm32cube.ide.mcu.externaltools.gnu-tools-for-stm32.9-2020-q2-update.win32_2.0.0.202105311346/tools/bin/../lib/gcc/arm-none-eabi/9.3.1/../../../../arm-none-eabi/lib/thumb/v7-m/nofp\libc_nano.a(lib_a-lock.o)
                0x000000000800201e                __retarget_lock_release_recursive
 *(.glue_7)
 .glue_7        0x0000000008002020        0x0 linker stubs
 *(.glue_7t)
 .glue_7t       0x0000000008002020        0x0 linker stubs
 *(.eh_frame)
 .eh_frame      0x0000000008002020        0x0 c:/st/stm32cubeide_1.7.0/stm32cubeide/plugins/com.st.stm32cube.ide.mcu.externaltools.gnu-tools-for-stm32.9-2020-q2-update.win32_2.0.0.202105311346/tools/bin/../lib/gcc/arm-none-eabi/9.3.1/thumb/v7-m/nofp/crtbegin.o
 *(.init)
 .init          0x0000000008002020        0x4 c:/st/stm32cubeide_1.7.0/stm32cubeide/plugins/com.st.stm32cube.ide.mcu.externaltools.gnu-tools-for-stm32.9-2020-q2-update.win32_2.0.0.202105311346/tools/bin/../lib/gcc/arm-none-eabi/9.3.1/thumb/v7-m/nofp/crti.o
                0x0000000008002020                _init
 .init          0x0000000008002024        0x8 c:/st/stm32cubeide_1.7.0/stm32cubeide/plugins/com.st.stm32cube.ide.mcu.externaltools.gnu-tools-for-stm32.9-2020-q2-update.win32_2.0.0.202105311346/tools/bin/../lib/gcc/arm-none-eabi/9.3.1/thumb/v7-m/nofp/crtn.o
 *(.fini)
 .fini          0x000000000800202c        0x4 c:/st/stm32cubeide_1.7.0/stm32cubeide/plugins/com.st.stm32cube.ide.mcu.externaltools.gnu-tools-for-stm32.9-2020-q2-update.win32_2.0.0.202105311346/tools/bin/../lib/gcc/arm-none-eabi/9.3.1/thumb/v7-m/nofp/crti.o
                0x000000000800202c                _fini
 .fini          0x0000000008002030        0x8 c:/st/stm32cubeide_1.7.0/stm32cubeide/plugins/com.st.stm32cube.ide.mcu.externaltools.gnu-tools-for-stm32.9-2020-q2-update.win32_2.0.0.202105311346/tools/bin/../lib/gcc/arm-none-eabi/9.3.1/thumb/v7-m/nofp/crtn.o
                0x0000000008002038                . = ALIGN (0x4)
                0x0000000008002038                _etext = .

.vfp11_veneer   0x0000000008002038        0x0
 .vfp11_veneer  0x0000000008002038        0x0 linker stubs

.v4_bx          0x0000000008002038        0x0
 .v4_bx         0x0000000008002038        0x0 linker stubs

.iplt           0x0000000008002038        0x0
 .iplt          0x0000000008002038        0x0 c:/st/stm32cubeide_1.7.0/stm32cubeide/plugins/com.st.stm32cube.ide.mcu.externaltools.gnu-tools-for-stm32.9-2020-q2-update.win32_2.0.0.202105311346/tools/bin/../lib/gcc/arm-none-eabi/9.3.1/thumb/v7-m/nofp/crtbegin.o

.rodata         0x0000000008002038      0x750
                0x0000000008002038                . = ALIGN (0x4)
 *(.rodata)
 .rodata        0x0000000008002038       0x49 ./Core/Src/main.o
 *fill*         0x0000000008002081        0x3 
 .rodata        0x0000000008002084       0x7d ./MonoGFX/MonoGFX.o
 *(.rodata*)
 *fill*         0x0000000008002101        0x3 
 .rodata.Font_3x5
                0x0000000008002104      0x1e6 ./MonoGFX/MonoGFX.o
                0x0000000008002104                Font_3x5
 *fill*         0x00000000080022ea        0x2 
 .rodata.Font_5x7
                0x00000000080022ec      0x32a ./MonoGFX/MonoGFX.o
                0x00000000080022ec                Font_5x7
 *fill*         0x0000000008002616        0x2 
 .rodata.solderingiron
                0x0000000008002618      0x13a ./MonoGFX/MonoGFX.o
                0x0000000008002618                solderingiron
 .rodata._svfprintf_r.str1.1
                0x0000000008002752       0x11 c:/st/stm32cubeide_1.7.0/stm32cubeide/plugins/com.st.stm32cube.ide.mcu.externaltools.gnu-tools-for-stm32.9-2020-q2-update.win32_2.0.0.202105311346/tools/bin/../lib/gcc/arm-none-eabi/9.3.1/../../../../arm-none-eabi/lib/thumb/v7-m/nofp\libc_nano.a(lib_a-nano-svfprintf.o)
 .rodata._printf_i.str1.1
                0x0000000008002763       0x22 c:/st/stm32cubeide_1.7.0/stm32cubeide/plugins/com.st.stm32cube.ide.mcu.externaltools.gnu-tools-for-stm32.9-2020-q2-update.win32_2.0.0.202105311346/tools/bin/../lib/gcc/arm-none-eabi/9.3.1/../../../../arm-none-eabi/lib/thumb/v7-m/nofp\libc_nano.a(lib_a-nano-vfprintf_i.o)
                0x0000000008002788                . = ALIGN (0x4)
 *fill*         0x0000000008002785        0x3 

.rel.dyn        0x0000000008002788        0x0
 .rel.iplt      0x0000000008002788        0x0 c:/st/stm32cubeide_1.7.0/stm32cubeide/plugins/com.st.stm32cube.ide.mcu.externaltools.gnu-tools-for-stm32.9-2020-q2-update.win32_2.0.0.202105311346/tools/bin/../lib/gcc/arm-none-eabi/9.3.1/thumb/v7-m/nofp/crtbegin.o

.ARM.extab      0x0000000008002788        0x0
                0x0000000008002788                . = ALIGN (0x4)
 *(.ARM.extab* .gnu.linkonce.armextab.*)
                0x0000000008002788                . = ALIGN (0x4)

.ARM            0x0000000008002788        0x0
                0x0000000008002788                . = ALIGN (0x4)
                0x0000000008002788                __exidx_start = .
 *(.ARM.exidx*)
                0x0000000008002788                __exidx_end = .
                0x0000000008002788                . = ALIGN (0x4)

.preinit_array  0x0000000008002788        0x0
                0x0000000008002788                . = ALIGN (0x4)
                0x0000000008002788                PROVIDE (__preinit_array_start = .)
 *(.preinit_array*)
                0x0000000008002788                PROVIDE (__preinit_array_end = .)
                0x0000000008002788                . = ALIGN (0x4)

.init_array     0x0000000008002788        0x4
                0x0000000008002788                . = ALIGN (0x4)
                0x0000000008002788                PROVIDE (__init_array_start = .)
 *(SORT_BY_NAME(.init_array.*))
 *(.init_array*)
 .init_array    0x0000000008002788        0x4 c:/st/stm32cubeide_1.7.0/stm32cubeide/plugins/com.st.stm32cube.ide.mcu.externaltools.gnu-tools-for-stm32.9-2020-q2-update.win32_2.0.0.202105311346/tools/bin/../lib/gcc/arm-none-eabi/9.3.1/thumb/v7-m/nofp/crtbegin.o
                0x000000000800278c                PROVIDE (__init_array_end = .)
                0x000000000800278c                . = ALIGN (0x4)

.fini_array     0x000000000800278c        0x4
                0x000000000800278c                . = ALIGN (0x4)
                [!provide]                        PROVIDE (__fini_array_start = .)
 *(SORT_BY_NAME(.fini_array.*))
 *(.fini_array*)
 .fini_array    0x000000000800278c        0x4 c:/st/stm32cubeide_1.7.0/stm32cubeide/plugins/com.st.stm32cube.ide.mcu.externaltools.gnu-tools-for-stm32.9-2020-q2-update.win32_2.0.0.202105311346/tools/bin/../lib/gcc/arm-none-eabi/9.3.1/thumb/v7-m/nofp/crtbegin.o
                [!provide]                        PROVIDE (__fini_array_end = .)
                0x0000000008002790                . = ALIGN (0x4)
                0x0000000008002790                _sidata = LOADADDR (.data)

.data           0x0000000020000000       0x68 load address 0x0000000008002790
                0x0000000020000000                . = ALIGN (0x4)
                0x0000000020000000                _sdata = .
 *(.data)
 *(.data*)
 .data.MonoGFX_width
                0x0000000020000000        0x1 ./MonoGFX/MonoGFX.o
                0x0000000020000000                MonoGFX_width
 .data.MonoGFX_height
                0x0000000020000001        0x1 ./MonoGFX/MonoGFX.o
                0x0000000020000001                MonoGFX_height
 *fill*         0x0000000020000002        0x2 
 .data._impure_ptr
                0x0000000020000004        0x4 c:/st/stm32cubeide_1.7.0/stm32cubeide/plugins/com.st.stm32cube.ide.mcu.externaltools.gnu-tools-for-stm32.9-2020-q2-update.win32_2.0.0.202105311346/tools/bin/../lib/gcc/arm-none-eabi/9.3.1/../../../../arm-none-eabi/lib/thumb/v7-m/nofp\libc_nano.a(lib_a-impure.o)
                0x0000000020000004                _impure_ptr
 .data.impure_data
                0x0000000020000008       0x60 c:/st/stm32cubeide_1.7.0/stm32cubeide/plugins/com.st.stm32cube.ide.mcu.externaltools.gnu-tools-for-stm32.9-2020-q2-update.win32_2.0.0.202105311346/tools/bin/../lib/gcc/arm-none-eabi/9.3.1/../../../../arm-none-eabi/lib/thumb/v7-m/nofp\libc_nano.a(lib_a-impure.o)
 *(.RamFunc)
 *(.RamFunc*)
                0x0000000020000068                . = ALIGN (0x4)
                0x0000000020000068                _edata = .

.igot.plt       0x0000000020000068        0x0 load address 0x00000000080027f8
 .igot.plt      0x0000000020000068        0x0 c:/st/stm32cubeide_1.7.0/stm32cubeide/plugins/com.st.stm32cube.ide.mcu.externaltools.gnu-tools-for-stm32.9-2020-q2-update.win32_2.0.0.202105311346/tools/bin/../lib/gcc/arm-none-eabi/9.3.1/thumb/v7-m/nofp/crtbegin.o
                0x0000000020000068                . = ALIGN (0x4)

.bss            0x0000000020000068      0x51c load address 0x00000000080027f8
                0x0000000020000068                _sbss = .
                0x0000000020000068                __bss_start__ = _sbss
 *(.bss)
 .bss           0x0000000020000068       0x1c c:/st/stm32cubeide_1.7.0/stm32cubeide/plugins/com.st.stm32cube.ide.mcu.externaltools.gnu-tools-for-stm32.9-2020-q2-update.win32_2.0.0.202105311346/tools/bin/../lib/gcc/arm-none-eabi/9.3.1/thumb/v7-m/nofp/crtbegin.o
 *(.bss*)
 .bss.SysTimer_ms
                0x0000000020000084        0x4 ./Core/Src/stm32f103xx_CMSIS.o
                0x0000000020000084                SysTimer_ms
 .bss.Delay_counter_ms
                0x0000000020000088        0x4 ./Core/Src/stm32f103xx_CMSIS.o
                0x0000000020000088                Delay_counter_ms
 .bss.Timeout_counter_ms
                0x000000002000008c        0x4 ./Core/Src/stm32f103xx_CMSIS.o
                0x000000002000008c                Timeout_counter_ms
 .bss.__sbrk_heap_end
                0x0000000020000090        0x4 ./Core/Src/sysmem.o
 .bss.MonoGFX_tx_buffer
                0x0000000020000094       0x80 ./MonoGFX/MonoGFX.o
                0x0000000020000094                MonoGFX_tx_buffer
 .bss.MonoGFX_Frame_buffer
                0x0000000020000114      0x400 ./MonoGFX/MonoGFX.o
                0x0000000020000114                MonoGFX_Frame_buffer
 .bss.__malloc_free_list
                0x0000000020000514        0x4 c:/st/stm32cubeide_1.7.0/stm32cubeide/plugins/com.st.stm32cube.ide.mcu.externaltools.gnu-tools-for-stm32.9-2020-q2-update.win32_2.0.0.202105311346/tools/bin/../lib/gcc/arm-none-eabi/9.3.1/../../../../arm-none-eabi/lib/thumb/v7-m/nofp\libc_nano.a(lib_a-nano-mallocr.o)
                0x0000000020000514                __malloc_free_list
 .bss.__malloc_sbrk_start
                0x0000000020000518        0x4 c:/st/stm32cubeide_1.7.0/stm32cubeide/plugins/com.st.stm32cube.ide.mcu.externaltools.gnu-tools-for-stm32.9-2020-q2-update.win32_2.0.0.202105311346/tools/bin/../lib/gcc/arm-none-eabi/9.3.1/../../../../arm-none-eabi/lib/thumb/v7-m/nofp\libc_nano.a(lib_a-nano-mallocr.o)
                0x0000000020000518                __malloc_sbrk_start
 *(COMMON)
 COMMON         0x000000002000051c       0x58 ./Core/Src/stm32f103xx_CMSIS.o
                0x000000002000051c                husart2
                0x0000000020000548                husart1
 COMMON         0x0000000020000574        0x4 c:/st/stm32cubeide_1.7.0/stm32cubeide/plugins/com.st.stm32cube.ide.mcu.externaltools.gnu-tools-for-stm32.9-2020-q2-update.win32_2.0.0.202105311346/tools/bin/../lib/gcc/arm-none-eabi/9.3.1/../../../../arm-none-eabi/lib/thumb/v7-m/nofp\libc_nano.a(lib_a-reent.o)
                0x0000000020000574                errno
 COMMON         0x0000000020000578        0x9 c:/st/stm32cubeide_1.7.0/stm32cubeide/plugins/com.st.stm32cube.ide.mcu.externaltools.gnu-tools-for-stm32.9-2020-q2-update.win32_2.0.0.202105311346/tools/bin/../lib/gcc/arm-none-eabi/9.3.1/../../../../arm-none-eabi/lib/thumb/v7-m/nofp\libc_nano.a(lib_a-lock.o)
                0x0000000020000578                __lock___atexit_recursive_mutex
                0x0000000020000579                __lock___arc4random_mutex
                0x000000002000057a                __lock___env_recursive_mutex
                0x000000002000057b                __lock___sinit_recursive_mutex
                0x000000002000057c                __lock___malloc_recursive_mutex
                0x000000002000057d                __lock___at_quick_exit_mutex
                0x000000002000057e                __lock___dd_hash_mutex
                0x000000002000057f                __lock___tz_mutex
                0x0000000020000580                __lock___sfp_recursive_mutex
                0x0000000020000584                . = ALIGN (0x4)
 *fill*         0x0000000020000581        0x3 
                0x0000000020000584                _ebss = .
                0x0000000020000584                __bss_end__ = _ebss

._user_heap_stack
                0x0000000020000584      0x304 load address 0x00000000080027f8
                0x0000000020000588                . = ALIGN (0x8)
 *fill*         0x0000000020000584        0x4 
                [!provide]                        PROVIDE (end = .)
                0x0000000020000588                PROVIDE (_end = .)
                0x0000000020000688                . = (. + _Min_Heap_Size)
 *fill*         0x0000000020000588      0x100 
                0x0000000020000888                . = (. + _Min_Stack_Size)
 *fill*         0x0000000020000688      0x200 
                0x0000000020000888                . = ALIGN (0x8)

/DISCARD/
 libc.a(*)
 libm.a(*)
 libgcc.a(*)

.ARM.attributes
                0x0000000000000000       0x29
 *(.ARM.attributes)
 .ARM.attributes
                0x0000000000000000       0x1d c:/st/stm32cubeide_1.7.0/stm32cubeide/plugins/com.st.stm32cube.ide.mcu.externaltools.gnu-tools-for-stm32.9-2020-q2-update.win32_2.0.0.202105311346/tools/bin/../lib/gcc/arm-none-eabi/9.3.1/thumb/v7-m/nofp/crti.o
 .ARM.attributes
                0x000000000000001d       0x2d c:/st/stm32cubeide_1.7.0/stm32cubeide/plugins/com.st.stm32cube.ide.mcu.externaltools.gnu-tools-for-stm32.9-2020-q2-update.win32_2.0.0.202105311346/tools/bin/../lib/gcc/arm-none-eabi/9.3.1/thumb/v7-m/nofp/crtbegin.o
 .ARM.attributes
                0x000000000000004a       0x2d ./Core/Src/main.o
 .ARM.attributes
                0x0000000000000077       0x2d ./Core/Src/stm32f103xx_CMSIS.o
 .ARM.attributes
                0x00000000000000a4       0x2d ./Core/Src/sysmem.o
 .ARM.attributes
                0x00000000000000d1       0x2d ./Core/Src/system_stm32f1xx.o
 .ARM.attributes
                0x00000000000000fe       0x21 ./Core/Startup/startup_stm32f103c8tx.o
 .ARM.attributes
                0x000000000000011f       0x2d ./MonoGFX/MonoGFX.o
 .ARM.attributes
                0x000000000000014c       0x2d c:/st/stm32cubeide_1.7.0/stm32cubeide/plugins/com.st.stm32cube.ide.mcu.externaltools.gnu-tools-for-stm32.9-2020-q2-update.win32_2.0.0.202105311346/tools/bin/../lib/gcc/arm-none-eabi/9.3.1/../../../../arm-none-eabi/lib/thumb/v7-m/nofp\libc_nano.a(lib_a-errno.o)
 .ARM.attributes
                0x0000000000000179       0x2d c:/st/stm32cubeide_1.7.0/stm32cubeide/plugins/com.st.stm32cube.ide.mcu.externaltools.gnu-tools-for-stm32.9-2020-q2-update.win32_2.0.0.202105311346/tools/bin/../lib/gcc/arm-none-eabi/9.3.1/../../../../arm-none-eabi/lib/thumb/v7-m/nofp\libc_nano.a(lib_a-impure.o)
 .ARM.attributes
                0x00000000000001a6       0x2d c:/st/stm32cubeide_1.7.0/stm32cubeide/plugins/com.st.stm32cube.ide.mcu.externaltools.gnu-tools-for-stm32.9-2020-q2-update.win32_2.0.0.202105311346/tools/bin/../lib/gcc/arm-none-eabi/9.3.1/../../../../arm-none-eabi/lib/thumb/v7-m/nofp\libc_nano.a(lib_a-init.o)
 .ARM.attributes
                0x00000000000001d3       0x2d c:/st/stm32cubeide_1.7.0/stm32cubeide/plugins/com.st.stm32cube.ide.mcu.externaltools.gnu-tools-for-stm32.9-2020-q2-update.win32_2.0.0.202105311346/tools/bin/../lib/gcc/arm-none-eabi/9.3.1/../../../../arm-none-eabi/lib/thumb/v7-m/nofp\libc_nano.a(lib_a-memset.o)
 .ARM.attributes
                0x0000000000000200       0x2d c:/st/stm32cubeide_1.7.0/stm32cubeide/plugins/com.st.stm32cube.ide.mcu.externaltools.gnu-tools-for-stm32.9-2020-q2-update.win32_2.0.0.202105311346/tools/bin/../lib/gcc/arm-none-eabi/9.3.1/../../../../arm-none-eabi/lib/thumb/v7-m/nofp\libc_nano.a(lib_a-sprintf.o)
 .ARM.attributes
                0x000000000000022d       0x17 c:/st/stm32cubeide_1.7.0/stm32cubeide/plugins/com.st.stm32cube.ide.mcu.externaltools.gnu-tools-for-stm32.9-2020-q2-update.win32_2.0.0.202105311346/tools/bin/../lib/gcc/arm-none-eabi/9.3.1/../../../../arm-none-eabi/lib/thumb/v7-m/nofp\libc_nano.a(lib_a-strlen.o)
 .ARM.attributes
                0x0000000000000244       0x2d c:/st/stm32cubeide_1.7.0/stm32cubeide/plugins/com.st.stm32cube.ide.mcu.externaltools.gnu-tools-for-stm32.9-2020-q2-update.win32_2.0.0.202105311346/tools/bin/../lib/gcc/arm-none-eabi/9.3.1/../../../../arm-none-eabi/lib/thumb/v7-m/nofp\libc_nano.a(lib_a-nano-svfprintf.o)
 .ARM.attributes
                0x0000000000000271       0x2d c:/st/stm32cubeide_1.7.0/stm32cubeide/plugins/com.st.stm32cube.ide.mcu.externaltools.gnu-tools-for-stm32.9-2020-q2-update.win32_2.0.0.202105311346/tools/bin/../lib/gcc/arm-none-eabi/9.3.1/../../../../arm-none-eabi/lib/thumb/v7-m/nofp\libc_nano.a(lib_a-nano-vfprintf_i.o)
 .ARM.attributes
                0x000000000000029e       0x2d c:/st/stm32cubeide_1.7.0/stm32cubeide/plugins/com.st.stm32cube.ide.mcu.externaltools.gnu-tools-for-stm32.9-2020-q2-update.win32_2.0.0.202105311346/tools/bin/../lib/gcc/arm-none-eabi/9.3.1/../../../../arm-none-eabi/lib/thumb/v7-m/nofp\libc_nano.a(lib_a-memchr-stub.o)
 .ARM.attributes
                0x00000000000002cb       0x2d c:/st/stm32cubeide_1.7.0/stm32cubeide/plugins/com.st.stm32cube.ide.mcu.externaltools.gnu-tools-for-stm32.9-2020-q2-update.win32_2.0.0.202105311346/tools/bin/../lib/gcc/arm-none-eabi/9.3.1/../../../../arm-none-eabi/lib/thumb/v7-m/nofp\libc_nano.a(lib_a-memcpy-stub.o)
 .ARM.attributes
                0x00000000000002f8       0x2d c:/st/stm32cubeide_1.7.0/stm32cubeide/plugins/com.st.stm32cube.ide.mcu.externaltools.gnu-tools-for-stm32.9-2020-q2-update.win32_2.0.0.202105311346/tools/bin/../lib/gcc/arm-none-eabi/9.3.1/../../../../arm-none-eabi/lib/thumb/v7-m/nofp\libc_nano.a(lib_a-memmove.o)
 .ARM.attributes
                0x0000000000000325       0x2d c:/st/stm32cubeide_1.7.0/stm32cubeide/plugins/com.st.stm32cube.ide.mcu.externaltools.gnu-tools-for-stm32.9-2020-q2-update.win32_2.0.0.202105311346/tools/bin/../lib/gcc/arm-none-eabi/9.3.1/../../../../arm-none-eabi/lib/thumb/v7-m/nofp\libc_nano.a(lib_a-nano-freer.o)
 .ARM.attributes
                0x0000000000000352       0x2d c:/st/stm32cubeide_1.7.0/stm32cubeide/plugins/com.st.stm32cube.ide.mcu.externaltools.gnu-tools-for-stm32.9-2020-q2-update.win32_2.0.0.202105311346/tools/bin/../lib/gcc/arm-none-eabi/9.3.1/../../../../arm-none-eabi/lib/thumb/v7-m/nofp\libc_nano.a(lib_a-nano-mallocr.o)
 .ARM.attributes
                0x000000000000037f       0x2d c:/st/stm32cubeide_1.7.0/stm32cubeide/plugins/com.st.stm32cube.ide.mcu.externaltools.gnu-tools-for-stm32.9-2020-q2-update.win32_2.0.0.202105311346/tools/bin/../lib/gcc/arm-none-eabi/9.3.1/../../../../arm-none-eabi/lib/thumb/v7-m/nofp\libc_nano.a(lib_a-nano-reallocr.o)
 .ARM.attributes
                0x00000000000003ac       0x2d c:/st/stm32cubeide_1.7.0/stm32cubeide/plugins/com.st.stm32cube.ide.mcu.externaltools.gnu-tools-for-stm32.9-2020-q2-update.win32_2.0.0.202105311346/tools/bin/../lib/gcc/arm-none-eabi/9.3.1/../../../../arm-none-eabi/lib/thumb/v7-m/nofp\libc_nano.a(lib_a-sbrkr.o)
 .ARM.attributes
                0x00000000000003d9       0x2d c:/st/stm32cubeide_1.7.0/stm32cubeide/plugins/com.st.stm32cube.ide.mcu.externaltools.gnu-tools-for-stm32.9-2020-q2-update.win32_2.0.0.202105311346/tools/bin/../lib/gcc/arm-none-eabi/9.3.1/../../../../arm-none-eabi/lib/thumb/v7-m/nofp\libc_nano.a(lib_a-mlock.o)
 .ARM.attributes
                0x0000000000000406       0x2d c:/st/stm32cubeide_1.7.0/stm32cubeide/plugins/com.st.stm32cube.ide.mcu.externaltools.gnu-tools-for-stm32.9-2020-q2-update.win32_2.0.0.202105311346/tools/bin/../lib/gcc/arm-none-eabi/9.3.1/../../../../arm-none-eabi/lib/thumb/v7-m/nofp\libc_nano.a(lib_a-nano-msizer.o)
 .ARM.attributes
                0x0000000000000433       0x2d c:/st/stm32cubeide_1.7.0/stm32cubeide/plugins/com.st.stm32cube.ide.mcu.externaltools.gnu-tools-for-stm32.9-2020-q2-update.win32_2.0.0.202105311346/tools/bin/../lib/gcc/arm-none-eabi/9.3.1/../../../../arm-none-eabi/lib/thumb/v7-m/nofp\libc_nano.a(lib_a-reent.o)
 .ARM.attributes
                0x0000000000000460       0x2d c:/st/stm32cubeide_1.7.0/stm32cubeide/plugins/com.st.stm32cube.ide.mcu.externaltools.gnu-tools-for-stm32.9-2020-q2-update.win32_2.0.0.202105311346/tools/bin/../lib/gcc/arm-none-eabi/9.3.1/../../../../arm-none-eabi/lib/thumb/v7-m/nofp\libc_nano.a(lib_a-lock.o)
 .ARM.attributes
                0x000000000000048d       0x1d c:/st/stm32cubeide_1.7.0/stm32cubeide/plugins/com.st.stm32cube.ide.mcu.externaltools.gnu-tools-for-stm32.9-2020-q2-update.win32_2.0.0.202105311346/tools/bin/../lib/gcc/arm-none-eabi/9.3.1/thumb/v7-m/nofp/crtn.o
OUTPUT(MonoGFX_example.elf elf32-littlearm)
LOAD linker stubs
LOAD c:/st/stm32cubeide_1.7.0/stm32cubeide/plugins/com.st.stm32cube.ide.mcu.externaltools.gnu-tools-for-stm32.9-2020-q2-update.win32_2.0.0.202105311346/tools/bin/../lib/gcc/arm-none-eabi/9.3.1/../../../../arm-none-eabi/lib/thumb/v7-m/nofp\libc.a
LOAD c:/st/stm32cubeide_1.7.0/stm32cubeide/plugins/com.st.stm32cube.ide.mcu.externaltools.gnu-tools-for-stm32.9-2020-q2-update.win32_2.0.0.202105311346/tools/bin/../lib/gcc/arm-none-eabi/9.3.1/../../../../arm-none-eabi/lib/thumb/v7-m/nofp\libm.a
LOAD c:/st/stm32cubeide_1.7.0/stm32cubeide/plugins/com.st.stm32cube.ide.mcu.externaltools.gnu-tools-for-stm32.9-2020-q2-update.win32_2.0.0.202105311346/tools/bin/../lib/gcc/arm-none-eabi/9.3.1/thumb/v7-m/nofp\libgcc.a

.debug_info     0x0000000000000000     0x483f
 .debug_info    0x0000000000000000      0xafe ./Core/Src/main.o
 .debug_info    0x0000000000000afe     0x17a6 ./Core/Src/stm32f103xx_CMSIS.o
 .debug_info    0x00000000000022a4      0xa25 ./Core/Src/sysmem.o
 .debug_info    0x0000000000002cc9      0x260 ./Core/Src/system_stm32f1xx.o
 .debug_info    0x0000000000002f29       0x22 ./Core/Startup/startup_stm32f103c8tx.o
 .debug_info    0x0000000000002f4b     0x18f4 ./MonoGFX/MonoGFX.o

.debug_abbrev   0x0000000000000000      0xa9f
 .debug_abbrev  0x0000000000000000      0x1c8 ./Core/Src/main.o
 .debug_abbrev  0x00000000000001c8      0x2e5 ./Core/Src/stm32f103xx_CMSIS.o
 .debug_abbrev  0x00000000000004ad      0x1bf ./Core/Src/sysmem.o
 .debug_abbrev  0x000000000000066c      0x14e ./Core/Src/system_stm32f1xx.o
 .debug_abbrev  0x00000000000007ba       0x12 ./Core/Startup/startup_stm32f103c8tx.o
 .debug_abbrev  0x00000000000007cc      0x2d3 ./MonoGFX/MonoGFX.o

.debug_aranges  0x0000000000000000      0x318
 .debug_aranges
                0x0000000000000000       0x20 ./Core/Src/main.o
 .debug_aranges
                0x0000000000000020      0x1b8 ./Core/Src/stm32f103xx_CMSIS.o
 .debug_aranges
                0x00000000000001d8       0x20 ./Core/Src/sysmem.o
 .debug_aranges
                0x00000000000001f8       0x28 ./Core/Src/system_stm32f1xx.o
 .debug_aranges
                0x0000000000000220       0x28 ./Core/Startup/startup_stm32f103c8tx.o
 .debug_aranges
                0x0000000000000248       0xd0 ./MonoGFX/MonoGFX.o

.debug_ranges   0x0000000000000000      0x2d8
 .debug_ranges  0x0000000000000000       0x10 ./Core/Src/main.o
 .debug_ranges  0x0000000000000010      0x1a8 ./Core/Src/stm32f103xx_CMSIS.o
 .debug_ranges  0x00000000000001b8       0x10 ./Core/Src/sysmem.o
 .debug_ranges  0x00000000000001c8       0x18 ./Core/Src/system_stm32f1xx.o
 .debug_ranges  0x00000000000001e0       0x20 ./Core/Startup/startup_stm32f103c8tx.o
 .debug_ranges  0x0000000000000200       0xd8 ./MonoGFX/MonoGFX.o

.debug_macro    0x0000000000000000    0x11531
 .debug_macro   0x0000000000000000      0x27f ./Core/Src/main.o
 .debug_macro   0x000000000000027f      0xa96 ./Core/Src/main.o
 .debug_macro   0x0000000000000d15       0x2e ./Core/Src/main.o
 .debug_macro   0x0000000000000d43       0x22 ./Core/Src/main.o
 .debug_macro   0x0000000000000d65       0x22 ./Core/Src/main.o
 .debug_macro   0x0000000000000d87       0x8e ./Core/Src/main.o
 .debug_macro   0x0000000000000e15       0x51 ./Core/Src/main.o
 .debug_macro   0x0000000000000e66      0x103 ./Core/Src/main.o
 .debug_macro   0x0000000000000f69       0x6a ./Core/Src/main.o
 .debug_macro   0x0000000000000fd3      0x1df ./Core/Src/main.o
 .debug_macro   0x00000000000011b2       0x1c ./Core/Src/main.o
 .debug_macro   0x00000000000011ce       0x22 ./Core/Src/main.o
 .debug_macro   0x00000000000011f0       0xc3 ./Core/Src/main.o
 .debug_macro   0x00000000000012b3      0xd23 ./Core/Src/main.o
 .debug_macro   0x0000000000001fd6     0xe09e ./Core/Src/main.o
 .debug_macro   0x0000000000010074       0x6d ./Core/Src/main.o
 .debug_macro   0x00000000000100e1       0x22 ./Core/Src/main.o
 .debug_macro   0x0000000000010103       0x16 ./Core/Src/main.o
 .debug_macro   0x0000000000010119       0x52 ./Core/Src/main.o
 .debug_macro   0x000000000001016b       0x18 ./Core/Src/main.o
 .debug_macro   0x0000000000010183       0x3c ./Core/Src/main.o
 .debug_macro   0x00000000000101bf       0x34 ./Core/Src/main.o
 .debug_macro   0x00000000000101f3       0x16 ./Core/Src/main.o
 .debug_macro   0x0000000000010209       0x97 ./Core/Src/main.o
 .debug_macro   0x00000000000102a0      0x333 ./Core/Src/main.o
 .debug_macro   0x00000000000105d3       0xfd ./Core/Src/main.o
 .debug_macro   0x00000000000106d0       0x10 ./Core/Src/main.o
 .debug_macro   0x00000000000106e0       0x16 ./Core/Src/main.o
 .debug_macro   0x00000000000106f6       0x43 ./Core/Src/main.o
 .debug_macro   0x0000000000010739       0x34 ./Core/Src/main.o
 .debug_macro   0x000000000001076d       0x10 ./Core/Src/main.o
 .debug_macro   0x000000000001077d       0x58 ./Core/Src/main.o
 .debug_macro   0x00000000000107d5       0x71 ./Core/Src/main.o
 .debug_macro   0x0000000000010846       0x1c ./Core/Src/main.o
 .debug_macro   0x0000000000010862      0x12a ./Core/Src/main.o
 .debug_macro   0x000000000001098c       0x10 ./Core/Src/main.o
 .debug_macro   0x000000000001099c       0x1c ./Core/Src/main.o
 .debug_macro   0x00000000000109b8       0x52 ./Core/Src/main.o
 .debug_macro   0x0000000000010a0a       0x22 ./Core/Src/main.o
 .debug_macro   0x0000000000010a2c       0x10 ./Core/Src/main.o
 .debug_macro   0x0000000000010a3c       0x40 ./Core/Src/main.o
 .debug_macro   0x0000000000010a7c       0xd5 ./Core/Src/main.o
 .debug_macro   0x0000000000010b51       0x1c ./Core/Src/main.o
 .debug_macro   0x0000000000010b6d       0x3d ./Core/Src/main.o
 .debug_macro   0x0000000000010baa       0x16 ./Core/Src/main.o
 .debug_macro   0x0000000000010bc0      0x145 ./Core/Src/main.o
 .debug_macro   0x0000000000010d05       0x16 ./Core/Src/main.o
 .debug_macro   0x0000000000010d1b       0x35 ./Core/Src/main.o
 .debug_macro   0x0000000000010d50       0x20 ./Core/Src/main.o
 .debug_macro   0x0000000000010d70       0x5c ./Core/Src/main.o
 .debug_macro   0x0000000000010dcc       0xdd ./Core/Src/stm32f103xx_CMSIS.o
 .debug_macro   0x0000000000010ea9       0xff ./Core/Src/sysmem.o
 .debug_macro   0x0000000000010fa8      0x23b ./Core/Src/sysmem.o
 .debug_macro   0x00000000000111e3       0xc8 ./Core/Src/system_stm32f1xx.o
 .debug_macro   0x00000000000112ab      0x286 ./MonoGFX/MonoGFX.o

.debug_line     0x0000000000000000     0x39f9
 .debug_line    0x0000000000000000      0x6ab ./Core/Src/main.o
 .debug_line    0x00000000000006ab     0x166b ./Core/Src/stm32f103xx_CMSIS.o
 .debug_line    0x0000000000001d16      0x4f8 ./Core/Src/sysmem.o
 .debug_line    0x000000000000220e      0x4ab ./Core/Src/system_stm32f1xx.o
 .debug_line    0x00000000000026b9       0x87 ./Core/Startup/startup_stm32f103c8tx.o
 .debug_line    0x0000000000002740     0x12b9 ./MonoGFX/MonoGFX.o

.debug_str      0x0000000000000000    0x59d80
 .debug_str     0x0000000000000000    0x58a54 ./Core/Src/main.o
                                      0x58d89 (size before relaxing)
 .debug_str     0x0000000000058a54      0x9cc ./Core/Src/stm32f103xx_CMSIS.o
                                      0x55257 (size before relaxing)
 .debug_str     0x0000000000059420      0x4e9 ./Core/Src/sysmem.o
                                       0x624a (size before relaxing)
 .debug_str     0x0000000000059909       0x7e ./Core/Src/system_stm32f1xx.o
                                      0x546c6 (size before relaxing)
 .debug_str     0x0000000000059987       0x36 ./Core/Startup/startup_stm32f103c8tx.o
                                         0x6f (size before relaxing)
 .debug_str     0x00000000000599bd      0x3c3 ./MonoGFX/MonoGFX.o
                                      0x59098 (size before relaxing)

.comment        0x0000000000000000       0x53
 .comment       0x0000000000000000       0x53 ./Core/Src/main.o
                                         0x54 (size before relaxing)
 .comment       0x0000000000000053       0x54 ./Core/Src/stm32f103xx_CMSIS.o
 .comment       0x0000000000000053       0x54 ./Core/Src/sysmem.o
 .comment       0x0000000000000053       0x54 ./Core/Src/system_stm32f1xx.o
 .comment       0x0000000000000053       0x54 ./MonoGFX/MonoGFX.o

.debug_frame    0x0000000000000000      0xfc8
 .debug_frame   0x0000000000000000       0x30 ./Core/Src/main.o
 .debug_frame   0x0000000000000030      0x710 ./Core/Src/stm32f103xx_CMSIS.o
 .debug_frame   0x0000000000000740       0x34 ./Core/Src/sysmem.o
 .debug_frame   0x0000000000000774       0x58 ./Core/Src/system_stm32f1xx.o
 .debug_frame   0x00000000000007cc      0x390 ./MonoGFX/MonoGFX.o
 .debug_frame   0x0000000000000b5c       0x20 c:/st/stm32cubeide_1.7.0/stm32cubeide/plugins/com.st.stm32cube.ide.mcu.externaltools.gnu-tools-for-stm32.9-2020-q2-update.win32_2.0.0.202105311346/tools/bin/../lib/gcc/arm-none-eabi/9.3.1/../../../../arm-none-eabi/lib/thumb/v7-m/nofp\libc_nano.a(lib_a-errno.o)
 .debug_frame   0x0000000000000b7c       0x2c c:/st/stm32cubeide_1.7.0/stm32cubeide/plugins/com.st.stm32cube.ide.mcu.externaltools.gnu-tools-for-stm32.9-2020-q2-update.win32_2.0.0.202105311346/tools/bin/../lib/gcc/arm-none-eabi/9.3.1/../../../../arm-none-eabi/lib/thumb/v7-m/nofp\libc_nano.a(lib_a-init.o)
 .debug_frame   0x0000000000000ba8       0x20 c:/st/stm32cubeide_1.7.0/stm32cubeide/plugins/com.st.stm32cube.ide.mcu.externaltools.gnu-tools-for-stm32.9-2020-q2-update.win32_2.0.0.202105311346/tools/bin/../lib/gcc/arm-none-eabi/9.3.1/../../../../arm-none-eabi/lib/thumb/v7-m/nofp\libc_nano.a(lib_a-memset.o)
 .debug_frame   0x0000000000000bc8       0x6c c:/st/stm32cubeide_1.7.0/stm32cubeide/plugins/com.st.stm32cube.ide.mcu.externaltools.gnu-tools-for-stm32.9-2020-q2-update.win32_2.0.0.202105311346/tools/bin/../lib/gcc/arm-none-eabi/9.3.1/../../../../arm-none-eabi/lib/thumb/v7-m/nofp\libc_nano.a(lib_a-sprintf.o)
 .debug_frame   0x0000000000000c34       0x90 c:/st/stm32cubeide_1.7.0/stm32cubeide/plugins/com.st.stm32cube.ide.mcu.externaltools.gnu-tools-for-stm32.9-2020-q2-update.win32_2.0.0.202105311346/tools/bin/../lib/gcc/arm-none-eabi/9.3.1/../../../../arm-none-eabi/lib/thumb/v7-m/nofp\libc_nano.a(lib_a-nano-svfprintf.o)
 .debug_frame   0x0000000000000cc4       0x60 c:/st/stm32cubeide_1.7.0/stm32cubeide/plugins/com.st.stm32cube.ide.mcu.externaltools.gnu-tools-for-stm32.9-2020-q2-update.win32_2.0.0.202105311346/tools/bin/../lib/gcc/arm-none-eabi/9.3.1/../../../../arm-none-eabi/lib/thumb/v7-m/nofp\libc_nano.a(lib_a-nano-vfprintf_i.o)
 .debug_frame   0x0000000000000d24       0x28 c:/st/stm32cubeide_1.7.0/stm32cubeide/plugins/com.st.stm32cube.ide.mcu.externaltools.gnu-tools-for-stm32.9-2020-q2-update.win32_2.0.0.202105311346/tools/bin/../lib/gcc/arm-none-eabi/9.3.1/../../../../arm-none-eabi/lib/thumb/v7-m/nofp\libc_nano.a(lib_a-memchr-stub.o)
 .debug_frame   0x0000000000000d4c       0x28 c:/st/stm32cubeide_1.7.0/stm32cubeide/plugins/com.st.stm32cube.ide.mcu.externaltools.gnu-tools-for-stm32.9-2020-q2-update.win32_2.0.0.202105311346/tools/bin/../lib/gcc/arm-none-eabi/9.3.1/../../../../arm-none-eabi/lib/thumb/v7-m/nofp\libc_nano.a(lib_a-memcpy-stub.o)
 .debug_frame   0x0000000000000d74       0x28 c:/st/stm32cubeide_1.7.0/stm32cubeide/plugins/com.st.stm32cube.ide.mcu.externaltools.gnu-tools-for-stm32.9-2020-q2-update.win32_2.0.0.202105311346/tools/bin/../lib/gcc/arm-none-eabi/9.3.1/../../../../arm-none-eabi/lib/thumb/v7-m/nofp\libc_nano.a(lib_a-memmove.o)
 .debug_frame   0x0000000000000d9c       0x38 c:/st/stm32cubeide_1.7.0/stm32cubeide/plugins/com.st.stm32cube.ide.mcu.externaltools.gnu-tools-for-stm32.9-2020-q2-update.win32_2.0.0.202105311346/tools/bin/../lib/gcc/arm-none-eabi/9.3.1/../../../../arm-none-eabi/lib/thumb/v7-m/nofp\libc_nano.a(lib_a-nano-freer.o)
 .debug_frame   0x0000000000000dd4       0x30 c:/st/stm32cubeide_1.7.0/stm32cubeide/plugins/com.st.stm32cube.ide.mcu.externaltools.gnu-tools-for-stm32.9-2020-q2-update.win32_2.0.0.202105311346/tools/bin/../lib/gcc/arm-none-eabi/9.3.1/../../../../arm-none-eabi/lib/thumb/v7-m/nofp\libc_nano.a(lib_a-nano-mallocr.o)
 .debug_frame   0x0000000000000e04       0x3c c:/st/stm32cubeide_1.7.0/stm32cubeide/plugins/com.st.stm32cube.ide.mcu.externaltools.gnu-tools-for-stm32.9-2020-q2-update.win32_2.0.0.202105311346/tools/bin/../lib/gcc/arm-none-eabi/9.3.1/../../../../arm-none-eabi/lib/thumb/v7-m/nofp\libc_nano.a(lib_a-nano-reallocr.o)
 .debug_frame   0x0000000000000e40       0x2c c:/st/stm32cubeide_1.7.0/stm32cubeide/plugins/com.st.stm32cube.ide.mcu.externaltools.gnu-tools-for-stm32.9-2020-q2-update.win32_2.0.0.202105311346/tools/bin/../lib/gcc/arm-none-eabi/9.3.1/../../../../arm-none-eabi/lib/thumb/v7-m/nofp\libc_nano.a(lib_a-sbrkr.o)
 .debug_frame   0x0000000000000e6c       0x30 c:/st/stm32cubeide_1.7.0/stm32cubeide/plugins/com.st.stm32cube.ide.mcu.externaltools.gnu-tools-for-stm32.9-2020-q2-update.win32_2.0.0.202105311346/tools/bin/../lib/gcc/arm-none-eabi/9.3.1/../../../../arm-none-eabi/lib/thumb/v7-m/nofp\libc_nano.a(lib_a-mlock.o)
 .debug_frame   0x0000000000000e9c       0x20 c:/st/stm32cubeide_1.7.0/stm32cubeide/plugins/com.st.stm32cube.ide.mcu.externaltools.gnu-tools-for-stm32.9-2020-q2-update.win32_2.0.0.202105311346/tools/bin/../lib/gcc/arm-none-eabi/9.3.1/../../../../arm-none-eabi/lib/thumb/v7-m/nofp\libc_nano.a(lib_a-nano-msizer.o)
 .debug_frame   0x0000000000000ebc       0x5c c:/st/stm32cubeide_1.7.0/stm32cubeide/plugins/com.st.stm32cube.ide.mcu.externaltools.gnu-tools-for-stm32.9-2020-q2-update.win32_2.0.0.202105311346/tools/bin/../lib/gcc/arm-none-eabi/9.3.1/../../../../arm-none-eabi/lib/thumb/v7-m/nofp\libc_nano.a(lib_a-reent.o)
 .debug_frame   0x0000000000000f18       0xb0 c:/st/stm32cubeide_1.7.0/stm32cubeide/plugins/com.st.stm32cube.ide.mcu.externaltools.gnu-tools-for-stm32.9-2020-q2-update.win32_2.0.0.202105311346/tools/bin/../lib/gcc/arm-none-eabi/9.3.1/../../../../arm-none-eabi/lib/thumb/v7-m/nofp\libc_nano.a(lib_a-lock.o)
