MonoGFX/MonoGFX.c:582:13:MonoGFX_Send_command	16	static
MonoGFX/MonoGFX.c:602:13:MonoGFX_Send_data	16	static
MonoGFX/MonoGFX.c:618:6:MonoGFX_Init	8	static
MonoGFX/MonoGFX.c:696:6:MonoGFX_DrawBitmap	24	static
MonoGFX/MonoGFX.c:724:6:MonoGFX_Draw_pixel	24	static
MonoGFX/MonoGFX.c:744:6:MonoGFX_Update	16	static
MonoGFX/MonoGFX.c:766:6:MonoGFX_Clean_Frame_buffer	8	static
MonoGFX/MonoGFX.c:780:6:MonoGFX_Print_symbol_5x7	32	static
MonoGFX/MonoGFX.c:831:6:MonoGFX_Print_symbol_3x5	32	static
MonoGFX/MonoGFX.c:882:6:MonoGFX_Decode_UTF8	40	static
MonoGFX/MonoGFX.c:1007:6:MonoGFX_Inversion	16	static
MonoGFX/MonoGFX.c:1024:9:MonoGFX_Value_for_Plot	72	static
MonoGFX/MonoGFX.c:1056:6:MonoGFX_Fill_the_array_Plot	32	static
MonoGFX/MonoGFX.c:1099:6:MonoGFX_Generate_a_Graph	88	static
MonoGFX/MonoGFX.c:1216:6:MonoGFX_Draw_line	48	static
MonoGFX/MonoGFX.c:1250:6:MonoGFX_Draw_rectangle	32	static
MonoGFX/MonoGFX.c:1277:6:MonoGFX_Draw_rectangle_filled	40	static
MonoGFX/MonoGFX.c:1302:6:MonoGFX_Draw_circle	48	static
MonoGFX/MonoGFX.c:1345:6:MonoGFX_Draw_circle_filled	48	static
MonoGFX/MonoGFX.c:1388:6:MonoGFX_Draw_triangle	32	static
MonoGFX/MonoGFX.c:1407:6:MonoGFX_Draw_triangle_filled	64	static
MonoGFX/MonoGFX.c:1499:6:MonoGFX_logo_demonstration	24	static
